// Jest Snapshot v1, https://goo.gl/fbAQLP

exports[`<Card /> should render properly 1`] = `ShallowWrapper {}`;
