// Jest Snapshot v1, https://goo.gl/fbAQLP

exports[`<Header /> should render properly 1`] = `ShallowWrapper {}`;
